// Jest Snapshot v1, https://goo.gl/fbAQLP

exports[`should match snapshot 1`] = `
<DocumentFragment>
  <div>
    <h1>
      Let's flip a coin!
    </h1>
  </div>
  <br />
  <button
    data-testid="flip_btn"
  >
    flip
  </button>
  <p>
    Out of 0, there has been 0 heads and 0 tails 
  </p>
</DocumentFragment>
`;
