// Jest Snapshot v1, https://goo.gl/fbAQLP

exports[`should match snapshot 1`] = `
<DocumentFragment>
  <div
    class="container LoginForm"
  >
    <h1>
      Login
    </h1>
    <h5
      style="color: red; font-size: 18px; text-align: center;"
    />
    <form>
      <div
        class="form-group"
      >
        <label
          for="username"
        >
          Username: 
        </label>
        <input
          class="form-control"
          id="username"
          name="username"
          placeholder="Username"
          required=""
          type="text"
          value=""
        />
      </div>
      <label
        for="password"
      >
        Password: 
      </label>
      <input
        class="form-control"
        id="password"
        name="password"
        placeholder="Password"
        required=""
        type="password"
        value=""
      />
      <br />
      <button
        class="btn btn-secondary float-right"
      >
        Submit
      </button>
    </form>
  </div>
</DocumentFragment>
`;
