// Jest Snapshot v1, https://goo.gl/fbAQLP

exports[`should match snapshot 1`] = `
<DocumentFragment>
   
  <div
    class="TodoList"
  >
    <h1>
      Todo List
    </h1>
    <div
      class="Todo"
    >
      <p>
        Walk the Dog - 
        <span
          data-testid="todo_trash"
        >
          <svg
            aria-hidden="true"
            class="svg-inline--fa fa-trash-can "
            data-icon="trash-can"
            data-prefix="fas"
            focusable="false"
            role="img"
            viewBox="0 0 448 512"
            xmlns="http://www.w3.org/2000/svg"
          >
            <path
              d="M135.2 17.7C140.6 6.8 151.7 0 163.8 0H284.2c12.1 0 23.2 6.8 28.6 17.7L320 32h96c17.7 0 32 14.3 32 32s-14.3 32-32 32H32C14.3 96 0 81.7 0 64S14.3 32 32 32h96l7.2-14.3zM32 128H416V448c0 35.3-28.7 64-64 64H96c-35.3 0-64-28.7-64-64V128zm96 64c-8.8 0-16 7.2-16 16V432c0 8.8 7.2 16 16 16s16-7.2 16-16V208c0-8.8-7.2-16-16-16zm96 0c-8.8 0-16 7.2-16 16V432c0 8.8 7.2 16 16 16s16-7.2 16-16V208c0-8.8-7.2-16-16-16zm96 0c-8.8 0-16 7.2-16 16V432c0 8.8 7.2 16 16 16s16-7.2 16-16V208c0-8.8-7.2-16-16-16z"
              fill="currentColor"
            />
          </svg>
        </span>
         
      </p>
    </div>
  </div>
  <h1>
    Add New Todo
  </h1>
  <form
    class="NewTodoForm"
  >
    <label
      for="text1"
    >
      Todo: 
    </label>
    <input
      id="text1"
      name="text"
      placeholder="Todo"
      type="text"
      value=""
    />
    <button>
      Add Todo
    </button>
  </form>
</DocumentFragment>
`;
